MPLINK 5.09, LINKER
Linker Map File - Created Tue Nov 19 00:42:30 2019

                                 Section Info
                  Section       Type    Address   Location Size(Bytes)
                ---------  ---------  ---------  ---------  ---------
                   .org_0       code   0x000000    program   0x00005c
                   .cinit    romdata   0x00002e    program   0x000004
.config_2007_BUILD/DEFAULT/PRODUCTION/MAIN.O       code   0x002007    program   0x000002
.config_2008_BUILD/DEFAULT/PRODUCTION/MAIN.O       code   0x002008    program   0x000002



                              Program Memory Usage 
                               Start         End      
                           ---------   ---------      
                            0x000000    0x00002f      
                            0x002007    0x002008      
            50 out of 8455 program addresses used, program memory utilization is 0%



                              Symbols - Sorted by Name
                     Name    Address   Location    Storage File                     
                ---------  ---------  ---------  --------- ---------                
             _.org_0_0025   0x000025    program     static C:\Users\GOKU\MPLABXProjects\ProyectoFinal.X\main.asm
               _main_loop   0x000009    program     static C:\Users\GOKU\MPLABXProjects\ProyectoFinal.X\main.asm
           escribirEEPROM   0x000019    program     static C:\Users\GOKU\MPLABXProjects\ProyectoFinal.X\main.asm
               leerEEPROM   0x00000a    program     static C:\Users\GOKU\MPLABXProjects\ProyectoFinal.X\main.asm
                     main   0x000001    program     static C:\Users\GOKU\MPLABXProjects\ProyectoFinal.X\main.asm



                              Symbols - Sorted by Address
                     Name    Address   Location    Storage File                     
                ---------  ---------  ---------  --------- ---------                
                     main   0x000001    program     static C:\Users\GOKU\MPLABXProjects\ProyectoFinal.X\main.asm
               _main_loop   0x000009    program     static C:\Users\GOKU\MPLABXProjects\ProyectoFinal.X\main.asm
               leerEEPROM   0x00000a    program     static C:\Users\GOKU\MPLABXProjects\ProyectoFinal.X\main.asm
           escribirEEPROM   0x000019    program     static C:\Users\GOKU\MPLABXProjects\ProyectoFinal.X\main.asm
             _.org_0_0025   0x000025    program     static C:\Users\GOKU\MPLABXProjects\ProyectoFinal.X\main.asm


